#-----------------------------------------------------------
# Vivado v2017.4 (64-bit)
# SW Build 2086221 on Fri Dec 15 20:55:39 MST 2017
# IP Build 2085800 on Fri Dec 15 22:25:07 MST 2017
# Start of session at: Fri Nov 30 01:46:21 2018
# Process ID: 9604
# Current directory: D:/Xilinx/Projects/ECE-253-Final-Project/ECE 253 Final Project
# Command line: vivado.exe -gui_launcher_event rodinguilauncherevent1224 D:\Xilinx\Projects\ECE-253-Final-Project\ECE 253 Final Project\ECE 253 Final Project.xpr
# Log file: D:/Xilinx/Projects/ECE-253-Final-Project/ECE 253 Final Project/vivado.log
# Journal file: D:/Xilinx/Projects/ECE-253-Final-Project/ECE 253 Final Project\vivado.jou
#-----------------------------------------------------------
start_gui
open_project {D:/Xilinx/Projects/ECE-253-Final-Project/ECE 253 Final Project/ECE 253 Final Project.xpr}
update_compile_order -fileset sources_1
open_bd_design {D:/Xilinx/Projects/ECE-253-Final-Project/ECE 253 Final Project/ECE 253 Final Project.srcs/sources_1/bd/system/system.bd}
validate_bd_design -force
save_bd_design
reset_run synth_1
reset_run system_microblaze_0_0_synth_1
launch_runs impl_1 -to_step write_bitstream -jobs 4
wait_on_run impl_1
open_run impl_1
