14:07:35 **** Auto Build of configuration Debug for project Qwop ****
make all 
'Building file: ../src/qwop.c'
'Invoking: MicroBlaze gcc compiler'
mb-gcc -Wall -O0 -g3 -c -fmessage-length=0 -MT"src/qwop.o" -I../../Qwop_bsp/microblaze_0/include -mlittle-endian -mxl-barrel-shift -mxl-pattern-compare -mcpu=v10.0 -mno-xl-soft-mul -Wl,--no-relax -ffunction-sections -fdata-sections -MMD -MP -MF"src/qwop.d" -MT"src/qwop.o" -o "src/qwop.o" "../src/qwop.c"
../src/qwop.c: In function 'DrawLine':
../src/qwop.c:196:10: warning: implicit declaration of function 'abs' [-Wimplicit-function-declaration]
  dxabs = abs(dx);
          ^~~
'Finished building: ../src/qwop.c'
' '
'Building target: Qwop.elf'
'Invoking: MicroBlaze gcc linker'
mb-gcc -Wl,-T -Wl,../src/lscript.ld -L../../Qwop_bsp/microblaze_0/lib -mlittle-endian -mxl-barrel-shift -mxl-pattern-compare -mcpu=v10.0 -mno-xl-soft-mul -Wl,--no-relax -Wl,--gc-sections -o "Qwop.elf"  ./src/qwop.o   -Wl,--start-group,-lxil,-lgcc,-lc,--end-group
'Finished building target: Qwop.elf'
' '
'Invoking: MicroBlaze Print Size'
mb-size Qwop.elf  |tee "Qwop.elf.size"
   text	   data	    bss	    dec	    hex	filename
  28452	    500	   2152	  31104	   7980	Qwop.elf
'Finished building: Qwop.elf.size'
' '

14:07:37 Build Finished (took 1s.252ms)

